[1m[92m   Compiling[0m tracera-workos v0.1.0 (C:\Users\koosh\Tracera\crates\tracera-workos)
[1m[93mwarning[0m[1m[97m: unused import: `ProvisionOutcome`[0m
  [1m[96m--> [0mcrates\tracera-workos\src\audit.rs:13:41
   [1m[96m|[0m
[1m[96m13[0m [1m[96m|[0m use crate::sync::{GraphEdge, GraphNode, ProvisionOutcome};
   [1m[96m|[0m                                         [1m[93m^^^^^^^^^^^^^^^^[0m
   [1m[96m|[0m
   [1m[96m= [0m[1m[97mnote[0m: `#[warn(unused_imports)]` (part of `#[warn(unused)]`) on by default

[1m[93mwarning[0m[1m[97m: unused import: `chrono::Utc`[0m
  [1m[96m--> [0mcrates\tracera-workos\src\webhooks.rs:13:5
   [1m[96m|[0m
[1m[96m13[0m [1m[96m|[0m use chrono::Utc;
   [1m[96m|[0m     [1m[93m^^^^^^^^^^^[0m

[1m[92m   Compiling[0m tracera-server v0.1.3 (C:\Users\koosh\Tracera\crates\tracera-server)
[1m[93mwarning[0m: `tracera-workos` (lib) generated 2 warnings (run `cargo fix --lib -p tracera-workos` to apply 2 suggestions)
[1m[93mwarning[0m[1m[97m: unused import: `info`[0m
  [1m[96m--> [0mcrates\tracera-server\src\cache.rs:11:22
   [1m[96m|[0m
[1m[96m11[0m [1m[96m|[0m use tracing::{debug, info, warn};
   [1m[96m|[0m                      [1m[93m^^^^[0m
   [1m[96m|[0m
   [1m[96m= [0m[1m[97mnote[0m: `#[warn(unused_imports)]` (part of `#[warn(unused)]`) on by default

[1m[93mwarning[0m[1m[97m: variant `Disabled` is never constructed[0m
  [1m[96m--> [0mcrates\tracera-server\src\cache.rs:19:5
   [1m[96m|[0m
[1m[96m18[0m [1m[96m|[0m enum CacheInner {
   [1m[96m|[0m      [1m[96m----------[0m [1m[96mvariant in this enum[0m
[1m[96m19[0m [1m[96m|[0m     Disabled,
   [1m[96m|[0m     [1m[93m^^^^^^^^[0m
   [1m[96m|[0m
   [1m[96m= [0m[1m[97mnote[0m: `#[warn(dead_code)]` (part of `#[warn(unused)]`) on by default

[1m[93mwarning[0m[1m[97m: field `error` is never read[0m
   [1m[96m--> [0mcrates\tracera-server\src\cache.rs:147:5
    [1m[96m|[0m
[1m[96m141[0m [1m[96m|[0m struct UpstashResponse {
    [1m[96m|[0m        [1m[96m---------------[0m [1m[96mfield in this struct[0m
[1m[96m...[0m
[1m[96m147[0m [1m[96m|[0m     error: Option<String>,
    [1m[96m|[0m     [1m[93m^^^^^[0m

[1m[93mwarning[0m[1m[97m: variant `Disabled` is never constructed[0m
  [1m[96m--> [0mcrates\tracera-server\src\neo4j.rs:19:5
   [1m[96m|[0m
[1m[96m18[0m [1m[96m|[0m enum Neo4jInner {
   [1m[96m|[0m      [1m[96m----------[0m [1m[96mvariant in this enum[0m
[1m[96m19[0m [1m[96m|[0m     Disabled,
   [1m[96m|[0m     [1m[93m^^^^^^^^[0m

[1m[93mwarning[0m[1m[97m: variant `Disabled` is never constructed[0m
  [1m[96m--> [0mcrates\tracera-server\src\r2.rs:17:5
   [1m[96m|[0m
[1m[96m16[0m [1m[96m|[0m enum R2Inner {
   [1m[96m|[0m      [1m[96m-------[0m [1m[96mvariant in this enum[0m
[1m[96m17[0m [1m[96m|[0m     Disabled,
   [1m[96m|[0m     [1m[93m^^^^^^^^[0m

[1m[93mwarning[0m: `tracera-server` (lib) generated 5 warnings (run `cargo fix --lib -p tracera-server` to apply 1 suggestion)
[1m[93mwarning[0m[1m[97m: fields `cache`, `neo4j`, and `r2` are never read[0m
  [1m[96m--> [0mcrates\tracera-server\src\main.rs:83:5
   [1m[96m|[0m
[1m[96m77[0m [1m[96m|[0m struct AppState {
   [1m[96m|[0m        [1m[96m--------[0m [1m[96mfields in this struct[0m
[1m[96m...[0m
[1m[96m83[0m [1m[96m|[0m     cache: Option<Arc<tracera_server::cache::CacheClient>>,
   [1m[96m|[0m     [1m[93m^^^^^[0m
[1m[96m84[0m [1m[96m|[0m     neo4j: Option<Arc<tracera_server::neo4j::Neo4jClient>>,
   [1m[96m|[0m     [1m[93m^^^^^[0m
[1m[96m85[0m [1m[96m|[0m     r2: Option<Arc<tracera_server::r2::R2Client>>,
   [1m[96m|[0m     [1m[93m^^[0m
   [1m[96m|[0m
   [1m[96m= [0m[1m[97mnote[0m: `AppState` has a derived impl for the trait `Clone`, but this is intentionally ignored during dead code analysis
   [1m[96m= [0m[1m[97mnote[0m: `#[warn(dead_code)]` (part of `#[warn(unused)]`) on by default

[1m[93mwarning[0m[1m[97m: enum `EventType` is never used[0m
  [1m[96m--> [0mcrates\tracera-server\src\events.rs:14:10
   [1m[96m|[0m
[1m[96m14[0m [1m[96m|[0m pub enum EventType {
   [1m[96m|[0m          [1m[93m^^^^^^^^^[0m

[1m[93mwarning[0m[1m[97m: struct `RawEvent` is never constructed[0m
  [1m[96m--> [0mcrates\tracera-server\src\events.rs:29:12
   [1m[96m|[0m
[1m[96m29[0m [1m[96m|[0m pub struct RawEvent {
   [1m[96m|[0m            [1m[93m^^^^^^^^[0m

[1m[93mwarning[0m[1m[97m: struct `NormalisedEvent` is never constructed[0m
  [1m[96m--> [0mcrates\tracera-server\src\events.rs:38:12
   [1m[96m|[0m
[1m[96m38[0m [1m[96m|[0m pub struct NormalisedEvent {
   [1m[96m|[0m            [1m[93m^^^^^^^^^^^^^^^[0m

[1m[93mwarning[0m[1m[97m: function `normalize_event` is never used[0m
  [1m[96m--> [0mcrates\tracera-server\src\events.rs:49:8
   [1m[96m|[0m
[1m[96m49[0m [1m[96m|[0m pub fn normalize_event(event: &RawEvent) -> NormalisedEvent {
   [1m[96m|[0m        [1m[93m^^^^^^^^^^^^^^^[0m

[1m[93mwarning[0m[1m[97m: function `init_tracing` is never used[0m
 [1m[96m--> [0mcrates\tracera-server\src\observability.rs:8:8
  [1m[96m|[0m
[1m[96m8[0m [1m[96m|[0m pub fn init_tracing() {
  [1m[96m|[0m        [1m[93m^^^^^^^^^^^^[0m

[1m[93mwarning[0m[1m[97m: function `is_otel_configured` is never used[0m
  [1m[96m--> [0mcrates\tracera-server\src\observability.rs:22:8
   [1m[96m|[0m
[1m[96m22[0m [1m[96m|[0m pub fn is_otel_configured() -> bool {
   [1m[96m|[0m        [1m[93m^^^^^^^^^^^^^^^^^^[0m

[1m[93mwarning[0m: `tracera-server` (bin "tracera-server") generated 7 warnings
[1m[92m    Finished[0m ]8;;https://doc.rust-lang.org/cargo/reference/profiles.html#default-profiles\`dev` profile [unoptimized + debuginfo]]8;;\ target(s) in 49.80s
