Diff in /Users/kooshapari/CodeProjects/Phenotype/repos/Tracera/crates/tracera-cli/src/bundle.rs:79:
         let home = std::env::var_os("HOME")
             .map(PathBuf::from)
             .context("HOME not set")?;
-        let root = home.join("Library").join("Application Support").join("Tracera");
-        std::fs::create_dir_all(&root)
-            .with_context(|| format!("creating {}", root.display()))?;
+        let root = home
+            .join("Library")
+            .join("Application Support")
+            .join("Tracera");
+        std::fs::create_dir_all(&root).with_context(|| format!("creating {}", root.display()))?;
 
         let env_file = root.join(".env.local");
         let local_port: u16 = std::env::var("TRACERA_LOCAL_PORT")
Diff in /Users/kooshapari/CodeProjects/Phenotype/repos/Tracera/crates/tracera-cli/src/commands.rs:147:
         // User override: behave as if the bundle lives at <root>/tracera-bundle
         // if <root>/tracera-bundle/docker-compose.bundle.yml exists, otherwise
         // treat <root> as the compose directory.
-        let candidate = root.join("tracera-bundle").join("docker-compose.bundle.yml");
+        let candidate = root
+            .join("tracera-bundle")
+            .join("docker-compose.bundle.yml");
         if candidate.exists() {
-            return BundleLayout::resolve(Some(&root.join("tracera-bundle").join("bin").join("tracera")));
+            return BundleLayout::resolve(Some(
+                &root.join("tracera-bundle").join("bin").join("tracera"),
+            ));
         }
         let standalone = root.join("docker-compose.local.yml");
         if standalone.exists() {
Diff in /Users/kooshapari/CodeProjects/Phenotype/repos/Tracera/crates/tracera-cli/src/commands.rs:157:
             let fake = root.join("target").join("release").join("tracera");
             return BundleLayout::resolve(Some(&fake));
         }
-        anyhow::bail!("--root {} contains neither tracera-bundle/ nor docker-compose.local.yml", root.display());
+        anyhow::bail!(
+            "--root {} contains neither tracera-bundle/ nor docker-compose.local.yml",
+            root.display()
+        );
     }
     BundleLayout::resolve(None)
 }
Diff in /Users/kooshapari/CodeProjects/Phenotype/repos/Tracera/crates/tracera-cli/src/commands.rs:184:
     if args.build {
         sub.push("--build");
     }
-    let code = compose::run_inherited(backend, &layout.project_name, &layout.compose_file, &layout.env_file, cwd.clone(), &sub).await?;
+    let code = compose::run_inherited(
+        backend,
+        &layout.project_name,
+        &layout.compose_file,
+        &layout.env_file,
+        cwd.clone(),
+        &sub,
+    )
+    .await?;
     if code != 0 {
         anyhow::bail!("compose up exited with code {code}");
     }
Diff in /Users/kooshapari/CodeProjects/Phenotype/repos/Tracera/crates/tracera-cli/src/commands.rs:211:
     if args.volumes {
         sub.push("--volumes");
     }
-    let code = compose::run_inherited(backend, &layout.project_name, &layout.compose_file, &layout.env_file, cwd.clone(), &sub).await?;
+    let code = compose::run_inherited(
+        backend,
+        &layout.project_name,
+        &layout.compose_file,
+        &layout.env_file,
+        cwd.clone(),
+        &sub,
+    )
+    .await?;
     if code != 0 {
         anyhow::bail!("compose down exited with code {code}");
     }
Diff in /Users/kooshapari/CodeProjects/Phenotype/repos/Tracera/crates/tracera-cli/src/commands.rs:221:
 async fn cmd_status(backend: Backend, layout: &BundleLayout, cwd: &PathBuf) -> anyhow::Result<()> {
     ensure_env_file(&layout.env_file, layout.local_port)?;
     sync_bundle_env_symlink(&layout.compose_dir, &layout.env_file)?;
-    let code = compose::run_inherited(backend, &layout.project_name, &layout.compose_file, &layout.env_file, cwd.clone(), &["ps"]).await?;
+    let code = compose::run_inherited(
+        backend,
+        &layout.project_name,
+        &layout.compose_file,
+        &layout.env_file,
+        cwd.clone(),
+        &["ps"],
+    )
+    .await?;
     if code != 0 {
         anyhow::bail!("compose ps exited with code {code}");
     }
Diff in /Users/kooshapari/CodeProjects/Phenotype/repos/Tracera/crates/tracera-cli/src/commands.rs:228:
     Ok(())
 }
 
-async fn cmd_logs(backend: Backend, layout: &BundleLayout, cwd: &PathBuf, args: LogsArgs) -> anyhow::Result<()> {
+async fn cmd_logs(
+    backend: Backend,
+    layout: &BundleLayout,
+    cwd: &PathBuf,
+    args: LogsArgs,
+) -> anyhow::Result<()> {
     ensure_env_file(&layout.env_file, layout.local_port)?;
     sync_bundle_env_symlink(&layout.compose_dir, &layout.env_file)?;
-    let code = compose::logs(backend, &layout.project_name, &layout.compose_file, &layout.env_file, cwd.clone(), args.service.as_deref(), args.follow).await?;
+    let code = compose::logs(
+        backend,
+        &layout.project_name,
+        &layout.compose_file,
+        &layout.env_file,
+        cwd.clone(),
+        args.service.as_deref(),
+        args.follow,
+    )
+    .await?;
     if code != 0 {
         anyhow::bail!("compose logs exited with code {code}");
     }
Diff in /Users/kooshapari/CodeProjects/Phenotype/repos/Tracera/crates/tracera-cli/src/commands.rs:241:
 fn cmd_open(layout: &BundleLayout) -> anyhow::Result<()> {
     #[cfg(target_os = "macos")]
     {
-        let status = std::process::Command::new("open").arg(&layout.local_url).status()?;
+        let status = std::process::Command::new("open")
+            .arg(&layout.local_url)
+            .status()?;
         if !status.success() {
             anyhow::bail!("open {} failed", layout.local_url);
         }
Diff in /Users/kooshapari/CodeProjects/Phenotype/repos/Tracera/crates/tracera-cli/src/commands.rs:249:
     }
     #[cfg(target_os = "windows")]
     {
-        let status = std::process::Command::new("cmd").args(["/c", "start", "", &layout.local_url]).status()?;
+        let status = std::process::Command::new("cmd")
+            .args(["/c", "start", "", &layout.local_url])
+            .status()?;
         if !status.success() {
             anyhow::bail!("start {} failed", layout.local_url);
         }
Diff in /Users/kooshapari/CodeProjects/Phenotype/repos/Tracera/crates/tracera-cli/src/commands.rs:257:
     }
     #[cfg(all(unix, not(target_os = "macos")))]
     {
-        let status = std::process::Command::new("xdg-open").arg(&layout.local_url).status()?;
+        let status = std::process::Command::new("xdg-open")
+            .arg(&layout.local_url)
+            .status()?;
         if !status.success() {
             anyhow::bail!("xdg-open {} failed", layout.local_url);
         }
Diff in /Users/kooshapari/CodeProjects/Phenotype/repos/Tracera/crates/tracera-cli/src/commands.rs:274:
     ensure_env_file(&layout.env_file, layout.local_port)?;
     sync_bundle_env_symlink(&layout.compose_dir, &layout.env_file)?;
     let mut report = serde_json::Map::new();
-    report.insert("backend".into(), serde_json::Value::String(backend.to_string()));
-    report.insert("compose_file".into(), serde_json::Value::String(layout.compose_file.display().to_string()));
-    report.insert("env_file".into(), serde_json::Value::String(layout.env_file.display().to_string()));
-    report.insert("local_url".into(), serde_json::Value::String(layout.local_url.clone()));
+    report.insert(
+        "backend".into(),
+        serde_json::Value::String(backend.to_string()),
+    );
+    report.insert(
+        "compose_file".into(),
+        serde_json::Value::String(layout.compose_file.display().to_string()),
+    );
+    report.insert(
+        "env_file".into(),
+        serde_json::Value::String(layout.env_file.display().to_string()),
+    );
+    report.insert(
+        "local_url".into(),
+        serde_json::Value::String(layout.local_url.clone()),
+    );
     report.insert("bundled".into(), serde_json::Value::Bool(layout.bundled));
 
-    let running_json = ps(backend, &layout.project_name, &layout.compose_file, &layout.env_file, cwd.clone()).await.unwrap_or_else(|_| "[]".to_string());
-    let running: serde_json::Value = serde_json::from_str(&running_json).unwrap_or_else(|_| serde_json::Value::Array(vec![]));
+    let running_json = ps(
+        backend,
+        &layout.project_name,
+        &layout.compose_file,
+        &layout.env_file,
+        cwd.clone(),
+    )
+    .await
+    .unwrap_or_else(|_| "[]".to_string());
+    let running: serde_json::Value =
+        serde_json::from_str(&running_json).unwrap_or_else(|_| serde_json::Value::Array(vec![]));
     report.insert("running".into(), running);
 
     let client = reqwest::Client::builder()
Diff in /Users/kooshapari/CodeProjects/Phenotype/repos/Tracera/crates/tracera-cli/src/commands.rs:304:
                 }
             }
             Err(e) => {
-                detail.insert(path.trim_start_matches('/').into(), serde_json::json!({ "error": e.to_string() }));
+                detail.insert(
+                    path.trim_start_matches('/').into(),
+                    serde_json::json!({ "error": e.to_string() }),
+                );
             }
         }
     }
Diff in /Users/kooshapari/CodeProjects/Phenotype/repos/Tracera/crates/tracera-cli/src/compose.rs:76:
 }
 
 /// Probe compose for whether a given service is running.
-pub async fn ps(backend: Backend, project_name: &str, compose_file: &Path, env_file: &Path, _cwd: PathBuf) -> anyhow::Result<String> {
-    let (program, argv) = compose_argv(backend, project_name, compose_file, env_file, &["ps", "--format", "json"]);
+pub async fn ps(
+    backend: Backend,
+    project_name: &str,
+    compose_file: &Path,
+    env_file: &Path,
+    _cwd: PathBuf,
+) -> anyhow::Result<String> {
+    let (program, argv) = compose_argv(
+        backend,
+        project_name,
+        compose_file,
+        env_file,
+        &["ps", "--format", "json"],
+    );
     run_capture(&program, argv).await
 }
 
Diff in /Users/kooshapari/CodeProjects/Phenotype/repos/Tracera/crates/tracera-cli/src/compose.rs:131:
     if env_file.exists() {
         // Validate it has a password; if not, regenerate.
         let existing = std::fs::read_to_string(env_file).unwrap_or_default();
-        if existing.lines().any(|l| l.starts_with("POSTGRES_PASSWORD=") && l.len() > "POSTGRES_PASSWORD=".len())
+        if existing
+            .lines()
+            .any(|l| l.starts_with("POSTGRES_PASSWORD=") && l.len() > "POSTGRES_PASSWORD=".len())
         {
             return Ok(());
         }
Diff in /Users/kooshapari/CodeProjects/Phenotype/repos/Tracera/crates/tracera-cli/src/compose.rs:138:
     }
 
     if let Some(parent) = env_file.parent() {
-        std::fs::create_dir_all(parent).with_context(|| format!("creating {}", parent.display()))?;
+        std::fs::create_dir_all(parent)
+            .with_context(|| format!("creating {}", parent.display()))?;
     }
 
     let password = generate_password();
Diff in /Users/kooshapari/CodeProjects/Phenotype/repos/Tracera/crates/tracera-cli/src/compose.rs:222:
         assert_eq!(args[project_idx + 1], "tracera-bundle");
         let env_idx = args.iter().position(|a| a == "--env-file").unwrap();
         assert_eq!(args[env_idx + 1], "/tmp/.env.local");
-        assert!(args.windows(2).any(|w| w[0] == "-f" && w[1] == "/tmp/docker-compose.bundle.yml"));
+        assert!(args
+            .windows(2)
+            .any(|w| w[0] == "-f" && w[1] == "/tmp/docker-compose.bundle.yml"));
         assert_eq!(args[args.len() - 2..], ["up", "-d"]);
     }
 
Diff in /Users/kooshapari/CodeProjects/Phenotype/repos/Tracera/crates/tracera-cli/src/compose.rs:291:
 
         sync_bundle_env_symlink(&compose_dir, &target).unwrap();
         let body = std::fs::read_to_string(compose_dir.join(".env.local")).unwrap();
-        assert_eq!(body, "POSTGRES_PASSWORD=USER\n", "user file was overwritten");
+        assert_eq!(
+            body, "POSTGRES_PASSWORD=USER\n",
+            "user file was overwritten"
+        );
 
         std::fs::remove_dir_all(&tmp).unwrap();
     }
Diff in /Users/kooshapari/CodeProjects/Phenotype/repos/Tracera/crates/tracera-cli/src/runtime.rs:188:
 /// Run a command, inheriting stdio (for human-facing output).
 ///
 /// `program` is the binary path or name (resolved via the OS PATH).
-pub async fn run_inherited<I, S>(program: &str, args: I, cwd: Option<PathBuf>) -> anyhow::Result<i32>
+pub async fn run_inherited<I, S>(
+    program: &str,
+    args: I,
+    cwd: Option<PathBuf>,
+) -> anyhow::Result<i32>
 where
     I: IntoIterator<Item = S>,
     S: AsRef<std::ffi::OsStr>,
Diff in /Users/kooshapari/CodeProjects/Phenotype/repos/Tracera/crates/tracera-cli/src/bundle.rs:79:
         let home = std::env::var_os("HOME")
             .map(PathBuf::from)
             .context("HOME not set")?;
-        let root = home.join("Library").join("Application Support").join("Tracera");
-        std::fs::create_dir_all(&root)
-            .with_context(|| format!("creating {}", root.display()))?;
+        let root = home
+            .join("Library")
+            .join("Application Support")
+            .join("Tracera");
+        std::fs::create_dir_all(&root).with_context(|| format!("creating {}", root.display()))?;
 
         let env_file = root.join(".env.local");
         let local_port: u16 = std::env::var("TRACERA_LOCAL_PORT")
Diff in /Users/kooshapari/CodeProjects/Phenotype/repos/Tracera/crates/tracera-cli/src/commands.rs:147:
         // User override: behave as if the bundle lives at <root>/tracera-bundle
         // if <root>/tracera-bundle/docker-compose.bundle.yml exists, otherwise
         // treat <root> as the compose directory.
-        let candidate = root.join("tracera-bundle").join("docker-compose.bundle.yml");
+        let candidate = root
+            .join("tracera-bundle")
+            .join("docker-compose.bundle.yml");
         if candidate.exists() {
-            return BundleLayout::resolve(Some(&root.join("tracera-bundle").join("bin").join("tracera")));
+            return BundleLayout::resolve(Some(
+                &root.join("tracera-bundle").join("bin").join("tracera"),
+            ));
         }
         let standalone = root.join("docker-compose.local.yml");
         if standalone.exists() {
Diff in /Users/kooshapari/CodeProjects/Phenotype/repos/Tracera/crates/tracera-cli/src/commands.rs:157:
             let fake = root.join("target").join("release").join("tracera");
             return BundleLayout::resolve(Some(&fake));
         }
-        anyhow::bail!("--root {} contains neither tracera-bundle/ nor docker-compose.local.yml", root.display());
+        anyhow::bail!(
+            "--root {} contains neither tracera-bundle/ nor docker-compose.local.yml",
+            root.display()
+        );
     }
     BundleLayout::resolve(None)
 }
Diff in /Users/kooshapari/CodeProjects/Phenotype/repos/Tracera/crates/tracera-cli/src/commands.rs:184:
     if args.build {
         sub.push("--build");
     }
-    let code = compose::run_inherited(backend, &layout.project_name, &layout.compose_file, &layout.env_file, cwd.clone(), &sub).await?;
+    let code = compose::run_inherited(
+        backend,
+        &layout.project_name,
+        &layout.compose_file,
+        &layout.env_file,
+        cwd.clone(),
+        &sub,
+    )
+    .await?;
     if code != 0 {
         anyhow::bail!("compose up exited with code {code}");
     }
Diff in /Users/kooshapari/CodeProjects/Phenotype/repos/Tracera/crates/tracera-cli/src/commands.rs:211:
     if args.volumes {
         sub.push("--volumes");
     }
-    let code = compose::run_inherited(backend, &layout.project_name, &layout.compose_file, &layout.env_file, cwd.clone(), &sub).await?;
+    let code = compose::run_inherited(
+        backend,
+        &layout.project_name,
+        &layout.compose_file,
+        &layout.env_file,
+        cwd.clone(),
+        &sub,
+    )
+    .await?;
     if code != 0 {
         anyhow::bail!("compose down exited with code {code}");
     }
Diff in /Users/kooshapari/CodeProjects/Phenotype/repos/Tracera/crates/tracera-cli/src/commands.rs:221:
 async fn cmd_status(backend: Backend, layout: &BundleLayout, cwd: &PathBuf) -> anyhow::Result<()> {
     ensure_env_file(&layout.env_file, layout.local_port)?;
     sync_bundle_env_symlink(&layout.compose_dir, &layout.env_file)?;
-    let code = compose::run_inherited(backend, &layout.project_name, &layout.compose_file, &layout.env_file, cwd.clone(), &["ps"]).await?;
+    let code = compose::run_inherited(
+        backend,
+        &layout.project_name,
+        &layout.compose_file,
+        &layout.env_file,
+        cwd.clone(),
+        &["ps"],
+    )
+    .await?;
     if code != 0 {
         anyhow::bail!("compose ps exited with code {code}");
     }
Diff in /Users/kooshapari/CodeProjects/Phenotype/repos/Tracera/crates/tracera-cli/src/commands.rs:228:
     Ok(())
 }
 
-async fn cmd_logs(backend: Backend, layout: &BundleLayout, cwd: &PathBuf, args: LogsArgs) -> anyhow::Result<()> {
+async fn cmd_logs(
+    backend: Backend,
+    layout: &BundleLayout,
+    cwd: &PathBuf,
+    args: LogsArgs,
+) -> anyhow::Result<()> {
     ensure_env_file(&layout.env_file, layout.local_port)?;
     sync_bundle_env_symlink(&layout.compose_dir, &layout.env_file)?;
-    let code = compose::logs(backend, &layout.project_name, &layout.compose_file, &layout.env_file, cwd.clone(), args.service.as_deref(), args.follow).await?;
+    let code = compose::logs(
+        backend,
+        &layout.project_name,
+        &layout.compose_file,
+        &layout.env_file,
+        cwd.clone(),
+        args.service.as_deref(),
+        args.follow,
+    )
+    .await?;
     if code != 0 {
         anyhow::bail!("compose logs exited with code {code}");
     }
Diff in /Users/kooshapari/CodeProjects/Phenotype/repos/Tracera/crates/tracera-cli/src/commands.rs:241:
 fn cmd_open(layout: &BundleLayout) -> anyhow::Result<()> {
     #[cfg(target_os = "macos")]
     {
-        let status = std::process::Command::new("open").arg(&layout.local_url).status()?;
+        let status = std::process::Command::new("open")
+            .arg(&layout.local_url)
+            .status()?;
         if !status.success() {
             anyhow::bail!("open {} failed", layout.local_url);
         }
Diff in /Users/kooshapari/CodeProjects/Phenotype/repos/Tracera/crates/tracera-cli/src/commands.rs:249:
     }
     #[cfg(target_os = "windows")]
     {
-        let status = std::process::Command::new("cmd").args(["/c", "start", "", &layout.local_url]).status()?;
+        let status = std::process::Command::new("cmd")
+            .args(["/c", "start", "", &layout.local_url])
+            .status()?;
         if !status.success() {
             anyhow::bail!("start {} failed", layout.local_url);
         }
Diff in /Users/kooshapari/CodeProjects/Phenotype/repos/Tracera/crates/tracera-cli/src/commands.rs:257:
     }
     #[cfg(all(unix, not(target_os = "macos")))]
     {
-        let status = std::process::Command::new("xdg-open").arg(&layout.local_url).status()?;
+        let status = std::process::Command::new("xdg-open")
+            .arg(&layout.local_url)
+            .status()?;
         if !status.success() {
             anyhow::bail!("xdg-open {} failed", layout.local_url);
         }
Diff in /Users/kooshapari/CodeProjects/Phenotype/repos/Tracera/crates/tracera-cli/src/commands.rs:274:
     ensure_env_file(&layout.env_file, layout.local_port)?;
     sync_bundle_env_symlink(&layout.compose_dir, &layout.env_file)?;
     let mut report = serde_json::Map::new();
-    report.insert("backend".into(), serde_json::Value::String(backend.to_string()));
-    report.insert("compose_file".into(), serde_json::Value::String(layout.compose_file.display().to_string()));
-    report.insert("env_file".into(), serde_json::Value::String(layout.env_file.display().to_string()));
-    report.insert("local_url".into(), serde_json::Value::String(layout.local_url.clone()));
+    report.insert(
+        "backend".into(),
+        serde_json::Value::String(backend.to_string()),
+    );
+    report.insert(
+        "compose_file".into(),
+        serde_json::Value::String(layout.compose_file.display().to_string()),
+    );
+    report.insert(
+        "env_file".into(),
+        serde_json::Value::String(layout.env_file.display().to_string()),
+    );
+    report.insert(
+        "local_url".into(),
+        serde_json::Value::String(layout.local_url.clone()),
+    );
     report.insert("bundled".into(), serde_json::Value::Bool(layout.bundled));
 
-    let running_json = ps(backend, &layout.project_name, &layout.compose_file, &layout.env_file, cwd.clone()).await.unwrap_or_else(|_| "[]".to_string());
-    let running: serde_json::Value = serde_json::from_str(&running_json).unwrap_or_else(|_| serde_json::Value::Array(vec![]));
+    let running_json = ps(
+        backend,
+        &layout.project_name,
+        &layout.compose_file,
+        &layout.env_file,
+        cwd.clone(),
+    )
+    .await
+    .unwrap_or_else(|_| "[]".to_string());
+    let running: serde_json::Value =
+        serde_json::from_str(&running_json).unwrap_or_else(|_| serde_json::Value::Array(vec![]));
     report.insert("running".into(), running);
 
     let client = reqwest::Client::builder()
Diff in /Users/kooshapari/CodeProjects/Phenotype/repos/Tracera/crates/tracera-cli/src/commands.rs:304:
                 }
             }
             Err(e) => {
-                detail.insert(path.trim_start_matches('/').into(), serde_json::json!({ "error": e.to_string() }));
+                detail.insert(
+                    path.trim_start_matches('/').into(),
+                    serde_json::json!({ "error": e.to_string() }),
+                );
             }
         }
     }
Diff in /Users/kooshapari/CodeProjects/Phenotype/repos/Tracera/crates/tracera-cli/src/compose.rs:76:
 }
 
 /// Probe compose for whether a given service is running.
-pub async fn ps(backend: Backend, project_name: &str, compose_file: &Path, env_file: &Path, _cwd: PathBuf) -> anyhow::Result<String> {
-    let (program, argv) = compose_argv(backend, project_name, compose_file, env_file, &["ps", "--format", "json"]);
+pub async fn ps(
+    backend: Backend,
+    project_name: &str,
+    compose_file: &Path,
+    env_file: &Path,
+    _cwd: PathBuf,
+) -> anyhow::Result<String> {
+    let (program, argv) = compose_argv(
+        backend,
+        project_name,
+        compose_file,
+        env_file,
+        &["ps", "--format", "json"],
+    );
     run_capture(&program, argv).await
 }
 
Diff in /Users/kooshapari/CodeProjects/Phenotype/repos/Tracera/crates/tracera-cli/src/compose.rs:131:
     if env_file.exists() {
         // Validate it has a password; if not, regenerate.
         let existing = std::fs::read_to_string(env_file).unwrap_or_default();
-        if existing.lines().any(|l| l.starts_with("POSTGRES_PASSWORD=") && l.len() > "POSTGRES_PASSWORD=".len())
+        if existing
+            .lines()
+            .any(|l| l.starts_with("POSTGRES_PASSWORD=") && l.len() > "POSTGRES_PASSWORD=".len())
         {
             return Ok(());
         }
Diff in /Users/kooshapari/CodeProjects/Phenotype/repos/Tracera/crates/tracera-cli/src/compose.rs:138:
     }
 
     if let Some(parent) = env_file.parent() {
-        std::fs::create_dir_all(parent).with_context(|| format!("creating {}", parent.display()))?;
+        std::fs::create_dir_all(parent)
+            .with_context(|| format!("creating {}", parent.display()))?;
     }
 
     let password = generate_password();
Diff in /Users/kooshapari/CodeProjects/Phenotype/repos/Tracera/crates/tracera-cli/src/compose.rs:222:
         assert_eq!(args[project_idx + 1], "tracera-bundle");
         let env_idx = args.iter().position(|a| a == "--env-file").unwrap();
         assert_eq!(args[env_idx + 1], "/tmp/.env.local");
-        assert!(args.windows(2).any(|w| w[0] == "-f" && w[1] == "/tmp/docker-compose.bundle.yml"));
+        assert!(args
+            .windows(2)
+            .any(|w| w[0] == "-f" && w[1] == "/tmp/docker-compose.bundle.yml"));
         assert_eq!(args[args.len() - 2..], ["up", "-d"]);
     }
 
Diff in /Users/kooshapari/CodeProjects/Phenotype/repos/Tracera/crates/tracera-cli/src/compose.rs:291:
 
         sync_bundle_env_symlink(&compose_dir, &target).unwrap();
         let body = std::fs::read_to_string(compose_dir.join(".env.local")).unwrap();
-        assert_eq!(body, "POSTGRES_PASSWORD=USER\n", "user file was overwritten");
+        assert_eq!(
+            body, "POSTGRES_PASSWORD=USER\n",
+            "user file was overwritten"
+        );
 
         std::fs::remove_dir_all(&tmp).unwrap();
     }
Diff in /Users/kooshapari/CodeProjects/Phenotype/repos/Tracera/crates/tracera-cli/src/runtime.rs:188:
 /// Run a command, inheriting stdio (for human-facing output).
 ///
 /// `program` is the binary path or name (resolved via the OS PATH).
-pub async fn run_inherited<I, S>(program: &str, args: I, cwd: Option<PathBuf>) -> anyhow::Result<i32>
+pub async fn run_inherited<I, S>(
+    program: &str,
+    args: I,
+    cwd: Option<PathBuf>,
+) -> anyhow::Result<i32>
 where
     I: IntoIterator<Item = S>,
     S: AsRef<std::ffi::OsStr>,
Diff in /Users/kooshapari/CodeProjects/Phenotype/repos/Tracera/crates/tracera-cli/src/bundle.rs:79:
         let home = std::env::var_os("HOME")
             .map(PathBuf::from)
             .context("HOME not set")?;
-        let root = home.join("Library").join("Application Support").join("Tracera");
-        std::fs::create_dir_all(&root)
-            .with_context(|| format!("creating {}", root.display()))?;
+        let root = home
+            .join("Library")
+            .join("Application Support")
+            .join("Tracera");
+        std::fs::create_dir_all(&root).with_context(|| format!("creating {}", root.display()))?;
 
         let env_file = root.join(".env.local");
         let local_port: u16 = std::env::var("TRACERA_LOCAL_PORT")
Diff in /Users/kooshapari/CodeProjects/Phenotype/repos/Tracera/crates/tracera-cli/src/commands.rs:147:
         // User override: behave as if the bundle lives at <root>/tracera-bundle
         // if <root>/tracera-bundle/docker-compose.bundle.yml exists, otherwise
         // treat <root> as the compose directory.
-        let candidate = root.join("tracera-bundle").join("docker-compose.bundle.yml");
+        let candidate = root
+            .join("tracera-bundle")
+            .join("docker-compose.bundle.yml");
         if candidate.exists() {
-            return BundleLayout::resolve(Some(&root.join("tracera-bundle").join("bin").join("tracera")));
+            return BundleLayout::resolve(Some(
+                &root.join("tracera-bundle").join("bin").join("tracera"),
+            ));
         }
         let standalone = root.join("docker-compose.local.yml");
         if standalone.exists() {
Diff in /Users/kooshapari/CodeProjects/Phenotype/repos/Tracera/crates/tracera-cli/src/commands.rs:157:
             let fake = root.join("target").join("release").join("tracera");
             return BundleLayout::resolve(Some(&fake));
         }
-        anyhow::bail!("--root {} contains neither tracera-bundle/ nor docker-compose.local.yml", root.display());
+        anyhow::bail!(
+            "--root {} contains neither tracera-bundle/ nor docker-compose.local.yml",
+            root.display()
+        );
     }
     BundleLayout::resolve(None)
 }
Diff in /Users/kooshapari/CodeProjects/Phenotype/repos/Tracera/crates/tracera-cli/src/commands.rs:184:
     if args.build {
         sub.push("--build");
     }
-    let code = compose::run_inherited(backend, &layout.project_name, &layout.compose_file, &layout.env_file, cwd.clone(), &sub).await?;
+    let code = compose::run_inherited(
+        backend,
+        &layout.project_name,
+        &layout.compose_file,
+        &layout.env_file,
+        cwd.clone(),
+        &sub,
+    )
+    .await?;
     if code != 0 {
         anyhow::bail!("compose up exited with code {code}");
     }
Diff in /Users/kooshapari/CodeProjects/Phenotype/repos/Tracera/crates/tracera-cli/src/commands.rs:211:
     if args.volumes {
         sub.push("--volumes");
     }
-    let code = compose::run_inherited(backend, &layout.project_name, &layout.compose_file, &layout.env_file, cwd.clone(), &sub).await?;
+    let code = compose::run_inherited(
+        backend,
+        &layout.project_name,
+        &layout.compose_file,
+        &layout.env_file,
+        cwd.clone(),
+        &sub,
+    )
+    .await?;
     if code != 0 {
         anyhow::bail!("compose down exited with code {code}");
     }
Diff in /Users/kooshapari/CodeProjects/Phenotype/repos/Tracera/crates/tracera-cli/src/commands.rs:221:
 async fn cmd_status(backend: Backend, layout: &BundleLayout, cwd: &PathBuf) -> anyhow::Result<()> {
     ensure_env_file(&layout.env_file, layout.local_port)?;
     sync_bundle_env_symlink(&layout.compose_dir, &layout.env_file)?;
-    let code = compose::run_inherited(backend, &layout.project_name, &layout.compose_file, &layout.env_file, cwd.clone(), &["ps"]).await?;
+    let code = compose::run_inherited(
+        backend,
+        &layout.project_name,
+        &layout.compose_file,
+        &layout.env_file,
+        cwd.clone(),
+        &["ps"],
+    )
+    .await?;
     if code != 0 {
         anyhow::bail!("compose ps exited with code {code}");
     }
Diff in /Users/kooshapari/CodeProjects/Phenotype/repos/Tracera/crates/tracera-cli/src/commands.rs:228:
     Ok(())
 }
 
-async fn cmd_logs(backend: Backend, layout: &BundleLayout, cwd: &PathBuf, args: LogsArgs) -> anyhow::Result<()> {
+async fn cmd_logs(
+    backend: Backend,
+    layout: &BundleLayout,
+    cwd: &PathBuf,
+    args: LogsArgs,
+) -> anyhow::Result<()> {
     ensure_env_file(&layout.env_file, layout.local_port)?;
     sync_bundle_env_symlink(&layout.compose_dir, &layout.env_file)?;
-    let code = compose::logs(backend, &layout.project_name, &layout.compose_file, &layout.env_file, cwd.clone(), args.service.as_deref(), args.follow).await?;
+    let code = compose::logs(
+        backend,
+        &layout.project_name,
+        &layout.compose_file,
+        &layout.env_file,
+        cwd.clone(),
+        args.service.as_deref(),
+        args.follow,
+    )
+    .await?;
     if code != 0 {
         anyhow::bail!("compose logs exited with code {code}");
     }
Diff in /Users/kooshapari/CodeProjects/Phenotype/repos/Tracera/crates/tracera-cli/src/commands.rs:241:
 fn cmd_open(layout: &BundleLayout) -> anyhow::Result<()> {
     #[cfg(target_os = "macos")]
     {
-        let status = std::process::Command::new("open").arg(&layout.local_url).status()?;
+        let status = std::process::Command::new("open")
+            .arg(&layout.local_url)
+            .status()?;
         if !status.success() {
             anyhow::bail!("open {} failed", layout.local_url);
         }
Diff in /Users/kooshapari/CodeProjects/Phenotype/repos/Tracera/crates/tracera-cli/src/commands.rs:249:
     }
     #[cfg(target_os = "windows")]
     {
-        let status = std::process::Command::new("cmd").args(["/c", "start", "", &layout.local_url]).status()?;
+        let status = std::process::Command::new("cmd")
+            .args(["/c", "start", "", &layout.local_url])
+            .status()?;
         if !status.success() {
             anyhow::bail!("start {} failed", layout.local_url);
         }
Diff in /Users/kooshapari/CodeProjects/Phenotype/repos/Tracera/crates/tracera-cli/src/commands.rs:257:
     }
     #[cfg(all(unix, not(target_os = "macos")))]
     {
-        let status = std::process::Command::new("xdg-open").arg(&layout.local_url).status()?;
+        let status = std::process::Command::new("xdg-open")
+            .arg(&layout.local_url)
+            .status()?;
         if !status.success() {
             anyhow::bail!("xdg-open {} failed", layout.local_url);
         }
Diff in /Users/kooshapari/CodeProjects/Phenotype/repos/Tracera/crates/tracera-cli/src/commands.rs:274:
     ensure_env_file(&layout.env_file, layout.local_port)?;
     sync_bundle_env_symlink(&layout.compose_dir, &layout.env_file)?;
     let mut report = serde_json::Map::new();
-    report.insert("backend".into(), serde_json::Value::String(backend.to_string()));
-    report.insert("compose_file".into(), serde_json::Value::String(layout.compose_file.display().to_string()));
-    report.insert("env_file".into(), serde_json::Value::String(layout.env_file.display().to_string()));
-    report.insert("local_url".into(), serde_json::Value::String(layout.local_url.clone()));
+    report.insert(
+        "backend".into(),
+        serde_json::Value::String(backend.to_string()),
+    );
+    report.insert(
+        "compose_file".into(),
+        serde_json::Value::String(layout.compose_file.display().to_string()),
+    );
+    report.insert(
+        "env_file".into(),
+        serde_json::Value::String(layout.env_file.display().to_string()),
+    );
+    report.insert(
+        "local_url".into(),
+        serde_json::Value::String(layout.local_url.clone()),
+    );
     report.insert("bundled".into(), serde_json::Value::Bool(layout.bundled));
 
-    let running_json = ps(backend, &layout.project_name, &layout.compose_file, &layout.env_file, cwd.clone()).await.unwrap_or_else(|_| "[]".to_string());
-    let running: serde_json::Value = serde_json::from_str(&running_json).unwrap_or_else(|_| serde_json::Value::Array(vec![]));
+    let running_json = ps(
+        backend,
+        &layout.project_name,
+        &layout.compose_file,
+        &layout.env_file,
+        cwd.clone(),
+    )
+    .await
+    .unwrap_or_else(|_| "[]".to_string());
+    let running: serde_json::Value =
+        serde_json::from_str(&running_json).unwrap_or_else(|_| serde_json::Value::Array(vec![]));
     report.insert("running".into(), running);
 
     let client = reqwest::Client::builder()
Diff in /Users/kooshapari/CodeProjects/Phenotype/repos/Tracera/crates/tracera-cli/src/commands.rs:304:
                 }
             }
             Err(e) => {
-                detail.insert(path.trim_start_matches('/').into(), serde_json::json!({ "error": e.to_string() }));
+                detail.insert(
+                    path.trim_start_matches('/').into(),
+                    serde_json::json!({ "error": e.to_string() }),
+                );
             }
         }
     }
Diff in /Users/kooshapari/CodeProjects/Phenotype/repos/Tracera/crates/tracera-cli/src/compose.rs:76:
 }
 
 /// Probe compose for whether a given service is running.
-pub async fn ps(backend: Backend, project_name: &str, compose_file: &Path, env_file: &Path, _cwd: PathBuf) -> anyhow::Result<String> {
-    let (program, argv) = compose_argv(backend, project_name, compose_file, env_file, &["ps", "--format", "json"]);
+pub async fn ps(
+    backend: Backend,
+    project_name: &str,
+    compose_file: &Path,
+    env_file: &Path,
+    _cwd: PathBuf,
+) -> anyhow::Result<String> {
+    let (program, argv) = compose_argv(
+        backend,
+        project_name,
+        compose_file,
+        env_file,
+        &["ps", "--format", "json"],
+    );
     run_capture(&program, argv).await
 }
 
Diff in /Users/kooshapari/CodeProjects/Phenotype/repos/Tracera/crates/tracera-cli/src/compose.rs:131:
     if env_file.exists() {
         // Validate it has a password; if not, regenerate.
         let existing = std::fs::read_to_string(env_file).unwrap_or_default();
-        if existing.lines().any(|l| l.starts_with("POSTGRES_PASSWORD=") && l.len() > "POSTGRES_PASSWORD=".len())
+        if existing
+            .lines()
+            .any(|l| l.starts_with("POSTGRES_PASSWORD=") && l.len() > "POSTGRES_PASSWORD=".len())
         {
             return Ok(());
         }
Diff in /Users/kooshapari/CodeProjects/Phenotype/repos/Tracera/crates/tracera-cli/src/compose.rs:138:
     }
 
     if let Some(parent) = env_file.parent() {
-        std::fs::create_dir_all(parent).with_context(|| format!("creating {}", parent.display()))?;
+        std::fs::create_dir_all(parent)
+            .with_context(|| format!("creating {}", parent.display()))?;
     }
 
     let password = generate_password();
Diff in /Users/kooshapari/CodeProjects/Phenotype/repos/Tracera/crates/tracera-cli/src/compose.rs:222:
         assert_eq!(args[project_idx + 1], "tracera-bundle");
         let env_idx = args.iter().position(|a| a == "--env-file").unwrap();
         assert_eq!(args[env_idx + 1], "/tmp/.env.local");
-        assert!(args.windows(2).any(|w| w[0] == "-f" && w[1] == "/tmp/docker-compose.bundle.yml"));
+        assert!(args
+            .windows(2)
+            .any(|w| w[0] == "-f" && w[1] == "/tmp/docker-compose.bundle.yml"));
         assert_eq!(args[args.len() - 2..], ["up", "-d"]);
     }
 
Diff in /Users/kooshapari/CodeProjects/Phenotype/repos/Tracera/crates/tracera-cli/src/compose.rs:291:
 
         sync_bundle_env_symlink(&compose_dir, &target).unwrap();
         let body = std::fs::read_to_string(compose_dir.join(".env.local")).unwrap();
-        assert_eq!(body, "POSTGRES_PASSWORD=USER\n", "user file was overwritten");
+        assert_eq!(
+            body, "POSTGRES_PASSWORD=USER\n",
+            "user file was overwritten"
+        );
 
         std::fs::remove_dir_all(&tmp).unwrap();
     }
Diff in /Users/kooshapari/CodeProjects/Phenotype/repos/Tracera/crates/tracera-cli/src/runtime.rs:188:
 /// Run a command, inheriting stdio (for human-facing output).
 ///
 /// `program` is the binary path or name (resolved via the OS PATH).
-pub async fn run_inherited<I, S>(program: &str, args: I, cwd: Option<PathBuf>) -> anyhow::Result<i32>
+pub async fn run_inherited<I, S>(
+    program: &str,
+    args: I,
+    cwd: Option<PathBuf>,
+) -> anyhow::Result<i32>
 where
     I: IntoIterator<Item = S>,
     S: AsRef<std::ffi::OsStr>,
Diff in /Users/kooshapari/CodeProjects/Phenotype/repos/Tracera/crates/tracera-cli/src/bundle.rs:79:
         let home = std::env::var_os("HOME")
             .map(PathBuf::from)
             .context("HOME not set")?;
-        let root = home.join("Library").join("Application Support").join("Tracera");
-        std::fs::create_dir_all(&root)
-            .with_context(|| format!("creating {}", root.display()))?;
+        let root = home
+            .join("Library")
+            .join("Application Support")
+            .join("Tracera");
+        std::fs::create_dir_all(&root).with_context(|| format!("creating {}", root.display()))?;
 
         let env_file = root.join(".env.local");
         let local_port: u16 = std::env::var("TRACERA_LOCAL_PORT")
Diff in /Users/kooshapari/CodeProjects/Phenotype/repos/Tracera/crates/tracera-cli/src/commands.rs:147:
         // User override: behave as if the bundle lives at <root>/tracera-bundle
         // if <root>/tracera-bundle/docker-compose.bundle.yml exists, otherwise
         // treat <root> as the compose directory.
-        let candidate = root.join("tracera-bundle").join("docker-compose.bundle.yml");
+        let candidate = root
+            .join("tracera-bundle")
+            .join("docker-compose.bundle.yml");
         if candidate.exists() {
-            return BundleLayout::resolve(Some(&root.join("tracera-bundle").join("bin").join("tracera")));
+            return BundleLayout::resolve(Some(
+                &root.join("tracera-bundle").join("bin").join("tracera"),
+            ));
         }
         let standalone = root.join("docker-compose.local.yml");
         if standalone.exists() {
Diff in /Users/kooshapari/CodeProjects/Phenotype/repos/Tracera/crates/tracera-cli/src/commands.rs:157:
             let fake = root.join("target").join("release").join("tracera");
             return BundleLayout::resolve(Some(&fake));
         }
-        anyhow::bail!("--root {} contains neither tracera-bundle/ nor docker-compose.local.yml", root.display());
+        anyhow::bail!(
+            "--root {} contains neither tracera-bundle/ nor docker-compose.local.yml",
+            root.display()
+        );
     }
     BundleLayout::resolve(None)
 }
Diff in /Users/kooshapari/CodeProjects/Phenotype/repos/Tracera/crates/tracera-cli/src/commands.rs:184:
     if args.build {
         sub.push("--build");
     }
-    let code = compose::run_inherited(backend, &layout.project_name, &layout.compose_file, &layout.env_file, cwd.clone(), &sub).await?;
+    let code = compose::run_inherited(
+        backend,
+        &layout.project_name,
+        &layout.compose_file,
+        &layout.env_file,
+        cwd.clone(),
+        &sub,
+    )
+    .await?;
     if code != 0 {
         anyhow::bail!("compose up exited with code {code}");
     }
Diff in /Users/kooshapari/CodeProjects/Phenotype/repos/Tracera/crates/tracera-cli/src/commands.rs:211:
     if args.volumes {
         sub.push("--volumes");
     }
-    let code = compose::run_inherited(backend, &layout.project_name, &layout.compose_file, &layout.env_file, cwd.clone(), &sub).await?;
+    let code = compose::run_inherited(
+        backend,
+        &layout.project_name,
+        &layout.compose_file,
+        &layout.env_file,
+        cwd.clone(),
+        &sub,
+    )
+    .await?;
     if code != 0 {
         anyhow::bail!("compose down exited with code {code}");
     }
Diff in /Users/kooshapari/CodeProjects/Phenotype/repos/Tracera/crates/tracera-cli/src/commands.rs:221:
 async fn cmd_status(backend: Backend, layout: &BundleLayout, cwd: &PathBuf) -> anyhow::Result<()> {
     ensure_env_file(&layout.env_file, layout.local_port)?;
     sync_bundle_env_symlink(&layout.compose_dir, &layout.env_file)?;
-    let code = compose::run_inherited(backend, &layout.project_name, &layout.compose_file, &layout.env_file, cwd.clone(), &["ps"]).await?;
+    let code = compose::run_inherited(
+        backend,
+        &layout.project_name,
+        &layout.compose_file,
+        &layout.env_file,
+        cwd.clone(),
+        &["ps"],
+    )
+    .await?;
     if code != 0 {
         anyhow::bail!("compose ps exited with code {code}");
     }
Diff in /Users/kooshapari/CodeProjects/Phenotype/repos/Tracera/crates/tracera-cli/src/commands.rs:228:
     Ok(())
 }
 
-async fn cmd_logs(backend: Backend, layout: &BundleLayout, cwd: &PathBuf, args: LogsArgs) -> anyhow::Result<()> {
+async fn cmd_logs(
+    backend: Backend,
+    layout: &BundleLayout,
+    cwd: &PathBuf,
+    args: LogsArgs,
+) -> anyhow::Result<()> {
     ensure_env_file(&layout.env_file, layout.local_port)?;
     sync_bundle_env_symlink(&layout.compose_dir, &layout.env_file)?;
-    let code = compose::logs(backend, &layout.project_name, &layout.compose_file, &layout.env_file, cwd.clone(), args.service.as_deref(), args.follow).await?;
+    let code = compose::logs(
+        backend,
+        &layout.project_name,
+        &layout.compose_file,
+        &layout.env_file,
+        cwd.clone(),
+        args.service.as_deref(),
+        args.follow,
+    )
+    .await?;
     if code != 0 {
         anyhow::bail!("compose logs exited with code {code}");
     }
Diff in /Users/kooshapari/CodeProjects/Phenotype/repos/Tracera/crates/tracera-cli/src/commands.rs:241:
 fn cmd_open(layout: &BundleLayout) -> anyhow::Result<()> {
     #[cfg(target_os = "macos")]
     {
-        let status = std::process::Command::new("open").arg(&layout.local_url).status()?;
+        let status = std::process::Command::new("open")
+            .arg(&layout.local_url)
+            .status()?;
         if !status.success() {
             anyhow::bail!("open {} failed", layout.local_url);
         }
Diff in /Users/kooshapari/CodeProjects/Phenotype/repos/Tracera/crates/tracera-cli/src/commands.rs:249:
     }
     #[cfg(target_os = "windows")]
     {
-        let status = std::process::Command::new("cmd").args(["/c", "start", "", &layout.local_url]).status()?;
+        let status = std::process::Command::new("cmd")
+            .args(["/c", "start", "", &layout.local_url])
+            .status()?;
         if !status.success() {
             anyhow::bail!("start {} failed", layout.local_url);
         }
Diff in /Users/kooshapari/CodeProjects/Phenotype/repos/Tracera/crates/tracera-cli/src/commands.rs:257:
     }
     #[cfg(all(unix, not(target_os = "macos")))]
     {
-        let status = std::process::Command::new("xdg-open").arg(&layout.local_url).status()?;
+        let status = std::process::Command::new("xdg-open")
+            .arg(&layout.local_url)
+            .status()?;
         if !status.success() {
             anyhow::bail!("xdg-open {} failed", layout.local_url);
         }
Diff in /Users/kooshapari/CodeProjects/Phenotype/repos/Tracera/crates/tracera-cli/src/commands.rs:274:
     ensure_env_file(&layout.env_file, layout.local_port)?;
     sync_bundle_env_symlink(&layout.compose_dir, &layout.env_file)?;
     let mut report = serde_json::Map::new();
-    report.insert("backend".into(), serde_json::Value::String(backend.to_string()));
-    report.insert("compose_file".into(), serde_json::Value::String(layout.compose_file.display().to_string()));
-    report.insert("env_file".into(), serde_json::Value::String(layout.env_file.display().to_string()));
-    report.insert("local_url".into(), serde_json::Value::String(layout.local_url.clone()));
+    report.insert(
+        "backend".into(),
+        serde_json::Value::String(backend.to_string()),
+    );
+    report.insert(
+        "compose_file".into(),
+        serde_json::Value::String(layout.compose_file.display().to_string()),
+    );
+    report.insert(
+        "env_file".into(),
+        serde_json::Value::String(layout.env_file.display().to_string()),
+    );
+    report.insert(
+        "local_url".into(),
+        serde_json::Value::String(layout.local_url.clone()),
+    );
     report.insert("bundled".into(), serde_json::Value::Bool(layout.bundled));
 
-    let running_json = ps(backend, &layout.project_name, &layout.compose_file, &layout.env_file, cwd.clone()).await.unwrap_or_else(|_| "[]".to_string());
-    let running: serde_json::Value = serde_json::from_str(&running_json).unwrap_or_else(|_| serde_json::Value::Array(vec![]));
+    let running_json = ps(
+        backend,
+        &layout.project_name,
+        &layout.compose_file,
+        &layout.env_file,
+        cwd.clone(),
+    )
+    .await
+    .unwrap_or_else(|_| "[]".to_string());
+    let running: serde_json::Value =
+        serde_json::from_str(&running_json).unwrap_or_else(|_| serde_json::Value::Array(vec![]));
     report.insert("running".into(), running);
 
     let client = reqwest::Client::builder()
Diff in /Users/kooshapari/CodeProjects/Phenotype/repos/Tracera/crates/tracera-cli/src/commands.rs:304:
                 }
             }
             Err(e) => {
-                detail.insert(path.trim_start_matches('/').into(), serde_json::json!({ "error": e.to_string() }));
+                detail.insert(
+                    path.trim_start_matches('/').into(),
+                    serde_json::json!({ "error": e.to_string() }),
+                );
             }
         }
     }
Diff in /Users/kooshapari/CodeProjects/Phenotype/repos/Tracera/crates/tracera-cli/src/compose.rs:76:
 }
 
 /// Probe compose for whether a given service is running.
-pub async fn ps(backend: Backend, project_name: &str, compose_file: &Path, env_file: &Path, _cwd: PathBuf) -> anyhow::Result<String> {
-    let (program, argv) = compose_argv(backend, project_name, compose_file, env_file, &["ps", "--format", "json"]);
+pub async fn ps(
+    backend: Backend,
+    project_name: &str,
+    compose_file: &Path,
+    env_file: &Path,
+    _cwd: PathBuf,
+) -> anyhow::Result<String> {
+    let (program, argv) = compose_argv(
+        backend,
+        project_name,
+        compose_file,
+        env_file,
+        &["ps", "--format", "json"],
+    );
     run_capture(&program, argv).await
 }
 
Diff in /Users/kooshapari/CodeProjects/Phenotype/repos/Tracera/crates/tracera-cli/src/compose.rs:131:
     if env_file.exists() {
         // Validate it has a password; if not, regenerate.
         let existing = std::fs::read_to_string(env_file).unwrap_or_default();
-        if existing.lines().any(|l| l.starts_with("POSTGRES_PASSWORD=") && l.len() > "POSTGRES_PASSWORD=".len())
+        if existing
+            .lines()
+            .any(|l| l.starts_with("POSTGRES_PASSWORD=") && l.len() > "POSTGRES_PASSWORD=".len())
         {
             return Ok(());
         }
Diff in /Users/kooshapari/CodeProjects/Phenotype/repos/Tracera/crates/tracera-cli/src/compose.rs:138:
     }
 
     if let Some(parent) = env_file.parent() {
-        std::fs::create_dir_all(parent).with_context(|| format!("creating {}", parent.display()))?;
+        std::fs::create_dir_all(parent)
+            .with_context(|| format!("creating {}", parent.display()))?;
     }
 
     let password = generate_password();
Diff in /Users/kooshapari/CodeProjects/Phenotype/repos/Tracera/crates/tracera-cli/src/compose.rs:222:
         assert_eq!(args[project_idx + 1], "tracera-bundle");
         let env_idx = args.iter().position(|a| a == "--env-file").unwrap();
         assert_eq!(args[env_idx + 1], "/tmp/.env.local");
-        assert!(args.windows(2).any(|w| w[0] == "-f" && w[1] == "/tmp/docker-compose.bundle.yml"));
+        assert!(args
+            .windows(2)
+            .any(|w| w[0] == "-f" && w[1] == "/tmp/docker-compose.bundle.yml"));
         assert_eq!(args[args.len() - 2..], ["up", "-d"]);
     }
 
Diff in /Users/kooshapari/CodeProjects/Phenotype/repos/Tracera/crates/tracera-cli/src/compose.rs:291:
 
         sync_bundle_env_symlink(&compose_dir, &target).unwrap();
         let body = std::fs::read_to_string(compose_dir.join(".env.local")).unwrap();
-        assert_eq!(body, "POSTGRES_PASSWORD=USER\n", "user file was overwritten");
+        assert_eq!(
+            body, "POSTGRES_PASSWORD=USER\n",
+            "user file was overwritten"
+        );
 
         std::fs::remove_dir_all(&tmp).unwrap();
     }
Diff in /Users/kooshapari/CodeProjects/Phenotype/repos/Tracera/crates/tracera-cli/src/runtime.rs:188:
 /// Run a command, inheriting stdio (for human-facing output).
 ///
 /// `program` is the binary path or name (resolved via the OS PATH).
-pub async fn run_inherited<I, S>(program: &str, args: I, cwd: Option<PathBuf>) -> anyhow::Result<i32>
+pub async fn run_inherited<I, S>(
+    program: &str,
+    args: I,
+    cwd: Option<PathBuf>,
+) -> anyhow::Result<i32>
 where
     I: IntoIterator<Item = S>,
     S: AsRef<std::ffi::OsStr>,
