compose::tests::compose_argv_locks_project_name_and_env_file: test
compose::tests::compose_argv_wsl_prefixes_docker_with_distribution: test
compose::tests::sync_bundle_env_symlink_creates_link_when_missing: test
compose::tests::sync_bundle_env_symlink_leaves_user_provided_file_alone: test
compose::tests::sync_bundle_env_symlink_updates_stale_symlink: test

5 tests, 0 benchmarks
tests::cache_key_has_namespace_prefix: test
tests::cache_key_is_stable: test
tests::cache_key_is_version_scoped: test
tests::coverage_classifies_conflicts_with_as_conflict: test
tests::coverage_classifies_high_confidence_verifies_as_covered: test
tests::coverage_classifies_low_confidence_verifies_as_partial: test
tests::coverage_classifies_unrecognised_relationship_as_missing: test
tests::coverage_matrix_counts_stale_links: test
tests::metrics_response_serialises_and_deserialises: test

9 tests, 0 benchmarks
db::tests::sqlite_pool_applies_contention_and_integrity_pragmas: test
ingest::benchmark_contract_tests::helios_fixture_preserves_content_addressed_fields: test
ingest::benchmark_contract_tests::malformed_benchmark_envelope_is_rejected: test
ingest::benchmark_contract_tests::pheno_harness_fixture_replays_through_tracera_mapper: test
ingest::benchmark_contract_tests::valid_benchmark_envelope_maps_to_trace_issue: test
ingest::tests::extract_req_refs_deduplicates: test
ingest::tests::extract_req_refs_empty_body: test
ingest::tests::extract_req_refs_finds_req_and_spec: test
ingest::tests::extract_req_refs_no_matches: test
ingest::tests::github_config_from_env_missing_vars: test
ingest::tests::normalised_issue_from_payload_skips_empty_title: test
tests::api_router_emits_readiness_and_security_contract: test
tests::api_router_rejects_malformed_json_and_oversized_bodies: test
tests::api_router_sanitizes_persistence_failures: test
tests::bfs_distances_basic: test
tests::bfs_linear_chain: test
tests::bfs_no_outgoing_edges: test
tests::coverage_conflict: test
tests::coverage_covered: test
tests::coverage_matrix_stale_link: test
tests::coverage_missing: test
tests::coverage_partial: test
tests::evidence_item_serde_roundtrip: test
tests::health_and_readiness_response_shapes_are_stable: test
tests::impact_depth_0_returns_only_seeds: test
tests::impact_depth_1_excludes_2_hop_node: test
tests::impact_traverses_multi_hop_at_depth_3: test
tests::ingest_all_valid: test
tests::ingest_missing_title: test
tests::jaccard_disjoint: test
tests::jaccard_empty: test
tests::jaccard_identical: test
tests::jaccard_partial_overlap: test
tests::malformed_json_is_rejected_before_domain_validation: test
tests::neighbors_forward: test
tests::neighbors_reverse: test
tests::request_limits_reject_invalid_sprint_dates_and_empty_problem_title: test
tests::request_limits_reject_oversized_evidence_and_ingest_batches: test
tests::sprint_serde: test
tests::sqlite_create_story_and_trace_link_round_trip: test
tests::sqlite_evidence_create_then_list: test
tests::sqlite_ingest_creates_trace_links_from_req_refs: test
tests::sqlite_ingest_github_payload_creates_stories: test
tests::sqlite_ingest_jira_payload_creates_stories: test
tests::sqlite_ingest_skips_empty_title_issues: test
tests::sqlite_problem_create_then_list: test
tests::sqlite_sprint_create_then_list: test
tests::story_optional_fields: test
tests::team_response_serde: test
validation::tests::character_limit_is_unicode_safe: test
validation::tests::optional_empty_text_is_allowed: test
validation::tests::required_text_rejects_whitespace_only_values: test

52 tests, 0 benchmarks
0 tests, 0 benchmarks
compose::tests::compose_argv_locks_project_name_and_env_file: test
compose::tests::compose_argv_wsl_prefixes_docker_with_distribution: test
compose::tests::sync_bundle_env_symlink_creates_link_when_missing: test
compose::tests::sync_bundle_env_symlink_leaves_user_provided_file_alone: test
compose::tests::sync_bundle_env_symlink_updates_stale_symlink: test

5 tests, 0 benchmarks
tests::cache_key_has_namespace_prefix: test
tests::cache_key_is_stable: test
tests::cache_key_is_version_scoped: test
tests::coverage_classifies_conflicts_with_as_conflict: test
tests::coverage_classifies_high_confidence_verifies_as_covered: test
tests::coverage_classifies_low_confidence_verifies_as_partial: test
tests::coverage_classifies_unrecognised_relationship_as_missing: test
tests::coverage_matrix_counts_stale_links: test
tests::metrics_response_serialises_and_deserialises: test

9 tests, 0 benchmarks
db::tests::sqlite_pool_applies_contention_and_integrity_pragmas: test
ingest::benchmark_contract_tests::helios_fixture_preserves_content_addressed_fields: test
ingest::benchmark_contract_tests::malformed_benchmark_envelope_is_rejected: test
ingest::benchmark_contract_tests::pheno_harness_fixture_replays_through_tracera_mapper: test
ingest::benchmark_contract_tests::valid_benchmark_envelope_maps_to_trace_issue: test
ingest::tests::extract_req_refs_deduplicates: test
ingest::tests::extract_req_refs_empty_body: test
ingest::tests::extract_req_refs_finds_req_and_spec: test
ingest::tests::extract_req_refs_no_matches: test
ingest::tests::github_config_from_env_missing_vars: test
ingest::tests::normalised_issue_from_payload_skips_empty_title: test
tests::api_router_emits_readiness_and_security_contract: test
tests::api_router_rejects_malformed_json_and_oversized_bodies: test
tests::api_router_sanitizes_persistence_failures: test
tests::bfs_distances_basic: test
tests::bfs_linear_chain: test
tests::bfs_no_outgoing_edges: test
tests::coverage_conflict: test
tests::coverage_covered: test
tests::coverage_matrix_stale_link: test
tests::coverage_missing: test
tests::coverage_partial: test
tests::evidence_item_serde_roundtrip: test
tests::health_and_readiness_response_shapes_are_stable: test
tests::impact_depth_0_returns_only_seeds: test
tests::impact_depth_1_excludes_2_hop_node: test
tests::impact_traverses_multi_hop_at_depth_3: test
tests::ingest_all_valid: test
tests::ingest_missing_title: test
tests::jaccard_disjoint: test
tests::jaccard_empty: test
tests::jaccard_identical: test
tests::jaccard_partial_overlap: test
tests::malformed_json_is_rejected_before_domain_validation: test
tests::neighbors_forward: test
tests::neighbors_reverse: test
tests::request_limits_reject_invalid_sprint_dates_and_empty_problem_title: test
tests::request_limits_reject_oversized_evidence_and_ingest_batches: test
tests::sprint_serde: test
tests::sqlite_create_story_and_trace_link_round_trip: test
tests::sqlite_evidence_create_then_list: test
tests::sqlite_ingest_creates_trace_links_from_req_refs: test
tests::sqlite_ingest_github_payload_creates_stories: test
tests::sqlite_ingest_jira_payload_creates_stories: test
tests::sqlite_ingest_skips_empty_title_issues: test
tests::sqlite_problem_create_then_list: test
tests::sqlite_sprint_create_then_list: test
tests::story_optional_fields: test
tests::team_response_serde: test
validation::tests::character_limit_is_unicode_safe: test
validation::tests::optional_empty_text_is_allowed: test
validation::tests::required_text_rejects_whitespace_only_values: test

52 tests, 0 benchmarks
0 tests, 0 benchmarks
compose::tests::compose_argv_locks_project_name_and_env_file: test
compose::tests::compose_argv_wsl_prefixes_docker_with_distribution: test
compose::tests::sync_bundle_env_symlink_creates_link_when_missing: test
compose::tests::sync_bundle_env_symlink_leaves_user_provided_file_alone: test
compose::tests::sync_bundle_env_symlink_updates_stale_symlink: test

5 tests, 0 benchmarks
tests::cache_key_has_namespace_prefix: test
tests::cache_key_is_stable: test
tests::cache_key_is_version_scoped: test
tests::coverage_classifies_conflicts_with_as_conflict: test
tests::coverage_classifies_high_confidence_verifies_as_covered: test
tests::coverage_classifies_low_confidence_verifies_as_partial: test
tests::coverage_classifies_unrecognised_relationship_as_missing: test
tests::coverage_matrix_counts_stale_links: test
tests::metrics_response_serialises_and_deserialises: test

9 tests, 0 benchmarks
db::tests::sqlite_pool_applies_contention_and_integrity_pragmas: test
ingest::benchmark_contract_tests::helios_fixture_preserves_content_addressed_fields: test
ingest::benchmark_contract_tests::malformed_benchmark_envelope_is_rejected: test
ingest::benchmark_contract_tests::pheno_harness_fixture_replays_through_tracera_mapper: test
ingest::benchmark_contract_tests::valid_benchmark_envelope_maps_to_trace_issue: test
ingest::tests::extract_req_refs_deduplicates: test
ingest::tests::extract_req_refs_empty_body: test
ingest::tests::extract_req_refs_finds_req_and_spec: test
ingest::tests::extract_req_refs_no_matches: test
ingest::tests::github_config_from_env_missing_vars: test
ingest::tests::normalised_issue_from_payload_skips_empty_title: test
tests::api_router_emits_readiness_and_security_contract: test
tests::api_router_rejects_malformed_json_and_oversized_bodies: test
tests::api_router_sanitizes_persistence_failures: test
tests::bfs_distances_basic: test
tests::bfs_linear_chain: test
tests::bfs_no_outgoing_edges: test
tests::coverage_conflict: test
tests::coverage_covered: test
tests::coverage_matrix_stale_link: test
tests::coverage_missing: test
tests::coverage_partial: test
tests::evidence_item_serde_roundtrip: test
tests::health_and_readiness_response_shapes_are_stable: test
tests::impact_depth_0_returns_only_seeds: test
tests::impact_depth_1_excludes_2_hop_node: test
tests::impact_traverses_multi_hop_at_depth_3: test
tests::ingest_all_valid: test
tests::ingest_missing_title: test
tests::jaccard_disjoint: test
tests::jaccard_empty: test
tests::jaccard_identical: test
tests::jaccard_partial_overlap: test
tests::malformed_json_is_rejected_before_domain_validation: test
tests::neighbors_forward: test
tests::neighbors_reverse: test
tests::request_limits_reject_invalid_sprint_dates_and_empty_problem_title: test
tests::request_limits_reject_oversized_evidence_and_ingest_batches: test
tests::sprint_serde: test
tests::sqlite_create_story_and_trace_link_round_trip: test
tests::sqlite_evidence_create_then_list: test
tests::sqlite_ingest_creates_trace_links_from_req_refs: test
tests::sqlite_ingest_github_payload_creates_stories: test
tests::sqlite_ingest_jira_payload_creates_stories: test
tests::sqlite_ingest_skips_empty_title_issues: test
tests::sqlite_problem_create_then_list: test
tests::sqlite_sprint_create_then_list: test
tests::story_optional_fields: test
tests::team_response_serde: test
validation::tests::character_limit_is_unicode_safe: test
validation::tests::optional_empty_text_is_allowed: test
validation::tests::required_text_rejects_whitespace_only_values: test

52 tests, 0 benchmarks
0 tests, 0 benchmarks
compose::tests::compose_argv_locks_project_name_and_env_file: test
compose::tests::compose_argv_wsl_prefixes_docker_with_distribution: test
compose::tests::sync_bundle_env_symlink_creates_link_when_missing: test
compose::tests::sync_bundle_env_symlink_leaves_user_provided_file_alone: test
compose::tests::sync_bundle_env_symlink_updates_stale_symlink: test

5 tests, 0 benchmarks
tests::cache_key_has_namespace_prefix: test
tests::cache_key_is_stable: test
tests::cache_key_is_version_scoped: test
tests::coverage_classifies_conflicts_with_as_conflict: test
tests::coverage_classifies_high_confidence_verifies_as_covered: test
tests::coverage_classifies_low_confidence_verifies_as_partial: test
tests::coverage_classifies_unrecognised_relationship_as_missing: test
tests::coverage_matrix_counts_stale_links: test
tests::metrics_response_serialises_and_deserialises: test

9 tests, 0 benchmarks
db::tests::sqlite_pool_applies_contention_and_integrity_pragmas: test
ingest::benchmark_contract_tests::helios_fixture_preserves_content_addressed_fields: test
ingest::benchmark_contract_tests::malformed_benchmark_envelope_is_rejected: test
ingest::benchmark_contract_tests::pheno_harness_fixture_replays_through_tracera_mapper: test
ingest::benchmark_contract_tests::valid_benchmark_envelope_maps_to_trace_issue: test
ingest::tests::extract_req_refs_deduplicates: test
ingest::tests::extract_req_refs_empty_body: test
ingest::tests::extract_req_refs_finds_req_and_spec: test
ingest::tests::extract_req_refs_no_matches: test
ingest::tests::github_config_from_env_missing_vars: test
ingest::tests::normalised_issue_from_payload_skips_empty_title: test
tests::api_router_emits_readiness_and_security_contract: test
tests::api_router_rejects_malformed_json_and_oversized_bodies: test
tests::api_router_sanitizes_persistence_failures: test
tests::bfs_distances_basic: test
tests::bfs_linear_chain: test
tests::bfs_no_outgoing_edges: test
tests::coverage_conflict: test
tests::coverage_covered: test
tests::coverage_matrix_stale_link: test
tests::coverage_missing: test
tests::coverage_partial: test
tests::evidence_item_serde_roundtrip: test
tests::health_and_readiness_response_shapes_are_stable: test
tests::impact_depth_0_returns_only_seeds: test
tests::impact_depth_1_excludes_2_hop_node: test
tests::impact_traverses_multi_hop_at_depth_3: test
tests::ingest_all_valid: test
tests::ingest_missing_title: test
tests::jaccard_disjoint: test
tests::jaccard_empty: test
tests::jaccard_identical: test
tests::jaccard_partial_overlap: test
tests::malformed_json_is_rejected_before_domain_validation: test
tests::neighbors_forward: test
tests::neighbors_reverse: test
tests::request_limits_reject_invalid_sprint_dates_and_empty_problem_title: test
tests::request_limits_reject_oversized_evidence_and_ingest_batches: test
tests::sprint_serde: test
tests::sqlite_create_story_and_trace_link_round_trip: test
tests::sqlite_evidence_create_then_list: test
tests::sqlite_ingest_creates_trace_links_from_req_refs: test
tests::sqlite_ingest_github_payload_creates_stories: test
tests::sqlite_ingest_jira_payload_creates_stories: test
tests::sqlite_ingest_skips_empty_title_issues: test
tests::sqlite_problem_create_then_list: test
tests::sqlite_sprint_create_then_list: test
tests::story_optional_fields: test
tests::team_response_serde: test
validation::tests::character_limit_is_unicode_safe: test
validation::tests::optional_empty_text_is_allowed: test
validation::tests::required_text_rejects_whitespace_only_values: test

52 tests, 0 benchmarks
0 tests, 0 benchmarks
